exports[`Page404 component snapshot renders page 1`] = `
<main>
  <p>
    This is page 404. Nothing here to see.
  </p>
  <p>
    Go back to 
    <IndexLink
      to="/">
      Home
    </IndexLink>
     page or 
    <Link
      onlyActiveOnIndex={false}
      style={Object {}}
      to="/login">
      Login
    </Link>
     page.
  </p>
</main>
`;
