exports[`Navigation component snapshot renders 1`] = `
<aside
  className="aside_r524fi">
  <nav>
    <ul>
      <li>
        <IndexLink
          activeClassName="navLinkActive_8fjitp"
          className="navLink_1dyv036"
          to="/">
          <i
            className="navIcon_11u5mqt fa fa-user" />
          Users
        </IndexLink>
      </li>
      <li>
        <Link
          activeClassName="navLinkActive_8fjitp"
          className="navLink_1dyv036"
          onlyActiveOnIndex={false}
          style={Object {}}>
          <i
            className="navIcon_11u5mqt fa fa-asterisk" />
          Placeholder
        </Link>
      </li>
      <li>
        <Link
          activeClassName="navLinkActive_8fjitp"
          className="navLink_1dyv036"
          onlyActiveOnIndex={false}
          style={Object {}}>
          <i
            className="navIcon_11u5mqt fa fa-asterisk" />
          Placeholder
        </Link>
      </li>
    </ul>
  </nav>
</aside>
`;
